Copyright 1986-2017 Xilinx, Inc. All Rights Reserved.
---------------------------------------------------------------------------------------------------------------------------------
| Tool Version : Vivado v.2017.3 (win64) Build 2018833 Wed Oct  4 19:58:22 MDT 2017
| Date         : Mon Nov 27 17:31:46 2017
| Host         : LAPTOP-AQJ7MP69 running 64-bit major release  (build 9200)
| Command      : report_timing_summary -file top_timing_summary_routed.rpt -warn_on_violation -rpx top_timing_summary_routed.rpx
| Design       : top
| Device       : 7a100t-csg324
| Speed File   : -1  PRODUCTION 1.19 2017-08-11
---------------------------------------------------------------------------------------------------------------------------------

Timing Summary Report

------------------------------------------------------------------------------------------------
| Timer Settings
| --------------
------------------------------------------------------------------------------------------------

  Enable Multi Corner Analysis               :  Yes
  Enable Pessimism Removal                   :  Yes
  Pessimism Removal Resolution               :  Nearest Common Node
  Enable Input Delay Default Clock           :  No
  Enable Preset / Clear Arcs                 :  No
  Disable Flight Delays                      :  No
  Ignore I/O Paths                           :  No
  Timing Early Launch at Borrowing Latches   :  false

  Corner  Analyze    Analyze    
  Name    Max Paths  Min Paths  
  ------  ---------  ---------  
  Slow    Yes        Yes        
  Fast    Yes        Yes        



check_timing report

Table of Contents
-----------------
1. checking no_clock
2. checking constant_clock
3. checking pulse_width_clock
4. checking unconstrained_internal_endpoints
5. checking no_input_delay
6. checking no_output_delay
7. checking multiple_clock
8. checking generated_clocks
9. checking loops
10. checking partial_input_delay
11. checking partial_output_delay
12. checking latch_loops

1. checking no_clock
--------------------
 There are 0 register/latch pins with no clock.


2. checking constant_clock
--------------------------
 There are 0 register/latch pins with constant_clock.


3. checking pulse_width_clock
-----------------------------
 There are 0 register/latch pins which need pulse_width check


4. checking unconstrained_internal_endpoints
--------------------------------------------
 There are 0 pins that are not constrained for maximum delay.

 There are 0 pins that are not constrained for maximum delay due to constant clock.


5. checking no_input_delay
--------------------------
 There are 3 input ports with no input delay specified. (HIGH)

 There are 0 input ports with no input delay but user has a false path constraint.


6. checking no_output_delay
---------------------------
 There are 2 ports with no output delay specified. (HIGH)

 There are 0 ports with no output delay but user has a false path constraint

 There are 0 ports with no output delay but with a timing clock defined on it or propagating through it


7. checking multiple_clock
--------------------------
 There are 0 register/latch pins with multiple clocks.


8. checking generated_clocks
----------------------------
 There are 0 generated clocks that are not connected to a clock source.


9. checking loops
-----------------
 There are 0 combinational loops in the design.


10. checking partial_input_delay
--------------------------------
 There are 0 input ports with partial input delay specified.


11. checking partial_output_delay
---------------------------------
 There are 0 ports with partial output delay specified.


12. checking latch_loops
------------------------
 There are 0 combinational latch loops in the design through latch input



------------------------------------------------------------------------------------------------
| Design Timing Summary
| ---------------------
------------------------------------------------------------------------------------------------

    WNS(ns)      TNS(ns)  TNS Failing Endpoints  TNS Total Endpoints      WHS(ns)      THS(ns)  THS Failing Endpoints  THS Total Endpoints     WPWS(ns)     TPWS(ns)  TPWS Failing Endpoints  TPWS Total Endpoints  
    -------      -------  ---------------------  -------------------      -------      -------  ---------------------  -------------------     --------     --------  ----------------------  --------------------  
     11.029        0.000                      0                 3312        0.070        0.000                      0                 3312        3.000        0.000                       0                   454  


All user specified timing constraints are met.


------------------------------------------------------------------------------------------------
| Clock Summary
| -------------
------------------------------------------------------------------------------------------------

Clock        Waveform(ns)       Period(ns)      Frequency(MHz)
-----        ------------       ----------      --------------
sys_clk_pin  {0.000 5.000}      10.000          100.000         
  clk        {0.000 10.000}     20.000          50.000          
  clk_fb     {0.000 5.000}      10.000          100.000         


------------------------------------------------------------------------------------------------
| Intra Clock Table
| -----------------
------------------------------------------------------------------------------------------------

Clock             WNS(ns)      TNS(ns)  TNS Failing Endpoints  TNS Total Endpoints      WHS(ns)      THS(ns)  THS Failing Endpoints  THS Total Endpoints     WPWS(ns)     TPWS(ns)  TPWS Failing Endpoints  TPWS Total Endpoints  
-----             -------      -------  ---------------------  -------------------      -------      -------  ---------------------  -------------------     --------     --------  ----------------------  --------------------  
sys_clk_pin                                                                                                                                                     3.000        0.000                       0                     1  
  clk              11.029        0.000                      0                 3288        0.070        0.000                      0                 3288        9.500        0.000                       0                   451  
  clk_fb                                                                                                                                                        8.751        0.000                       0                     2  


------------------------------------------------------------------------------------------------
| Inter Clock Table
| -----------------
------------------------------------------------------------------------------------------------

From Clock    To Clock          WNS(ns)      TNS(ns)  TNS Failing Endpoints  TNS Total Endpoints      WHS(ns)      THS(ns)  THS Failing Endpoints  THS Total Endpoints  
----------    --------          -------      -------  ---------------------  -------------------      -------      -------  ---------------------  -------------------  


------------------------------------------------------------------------------------------------
| Other Path Groups Table
| -----------------------
------------------------------------------------------------------------------------------------

Path Group         From Clock         To Clock               WNS(ns)      TNS(ns)  TNS Failing Endpoints  TNS Total Endpoints      WHS(ns)      THS(ns)  THS Failing Endpoints  THS Total Endpoints  
----------         ----------         --------               -------      -------  ---------------------  -------------------      -------      -------  ---------------------  -------------------  
**async_default**  clk                clk                     17.395        0.000                      0                   24        0.627        0.000                      0                   24  


------------------------------------------------------------------------------------------------
| Timing Details
| --------------
------------------------------------------------------------------------------------------------


---------------------------------------------------------------------------------------------------
From Clock:  sys_clk_pin
  To Clock:  sys_clk_pin

Setup :           NA  Failing Endpoints,  Worst Slack           NA  ,  Total Violation           NA
Hold  :           NA  Failing Endpoints,  Worst Slack           NA  ,  Total Violation           NA
PW    :            0  Failing Endpoints,  Worst Slack        3.000ns,  Total Violation        0.000ns
---------------------------------------------------------------------------------------------------


Pulse Width Checks
--------------------------------------------------------------------------------------
Clock Name:         sys_clk_pin
Waveform(ns):       { 0.000 5.000 }
Period(ns):         10.000
Sources:            { clk_100mhz }

Check Type        Corner  Lib Pin           Reference Pin  Required(ns)  Actual(ns)  Slack(ns)  Location        Pin
Min Period        n/a     PLLE2_ADV/CLKIN1  n/a            1.249         10.000      8.751      PLLE2_ADV_X1Y2  clock_divider_inst_0/PLLE2_BASE_inst/CLKIN1
Max Period        n/a     PLLE2_ADV/CLKIN1  n/a            52.633        10.000      42.633     PLLE2_ADV_X1Y2  clock_divider_inst_0/PLLE2_BASE_inst/CLKIN1
Low Pulse Width   Fast    PLLE2_ADV/CLKIN1  n/a            2.000         5.000       3.000      PLLE2_ADV_X1Y2  clock_divider_inst_0/PLLE2_BASE_inst/CLKIN1
High Pulse Width  Fast    PLLE2_ADV/CLKIN1  n/a            2.000         5.000       3.000      PLLE2_ADV_X1Y2  clock_divider_inst_0/PLLE2_BASE_inst/CLKIN1



---------------------------------------------------------------------------------------------------
From Clock:  clk
  To Clock:  clk

Setup :            0  Failing Endpoints,  Worst Slack       11.029ns,  Total Violation        0.000ns
Hold  :            0  Failing Endpoints,  Worst Slack        0.070ns,  Total Violation        0.000ns
PW    :            0  Failing Endpoints,  Worst Slack        9.500ns,  Total Violation        0.000ns
---------------------------------------------------------------------------------------------------


Max Delay Paths
--------------------------------------------------------------------------------------
Slack (MET) :             11.029ns  (required time - arrival time)
  Source:                 accelerator_inst_0/acc_state_reg[0]/C
                            (rising edge-triggered cell FDRE clocked by clk  {rise@0.000ns fall@10.000ns period=20.000ns})
  Destination:            memory3_inst_0/ram_reg_0_28/ADDRARDADDR[15]
                            (rising edge-triggered cell RAMB36E1 clocked by clk  {rise@0.000ns fall@10.000ns period=20.000ns})
  Path Group:             clk
  Path Type:              Setup (Max at Slow Process Corner)
  Requirement:            20.000ns  (clk rise@20.000ns - clk rise@0.000ns)
  Data Path Delay:        8.453ns  (logic 0.580ns (6.862%)  route 7.873ns (93.138%))
  Logic Levels:           1  (LUT4=1)
  Clock Path Skew:        0.085ns (DCD - SCD + CPR)
    Destination Clock Delay (DCD):    6.038ns = ( 26.038 - 20.000 ) 
    Source Clock Delay      (SCD):    6.264ns
    Clock Pessimism Removal (CPR):    0.311ns
  Clock Uncertainty:      0.089ns  ((TSJ^2 + DJ^2)^1/2) / 2 + PE
    Total System Jitter     (TSJ):    0.071ns
    Discrete Jitter          (DJ):    0.163ns
    Phase Error              (PE):    0.000ns

    Location             Delay type                Incr(ns)  Path(ns)    Netlist Resource(s)
  -------------------------------------------------------------------    -------------------
                         (clock clk rise edge)        0.000     0.000 r  
    E3                                                0.000     0.000 r  clk_100mhz (IN)
                         net (fo=0)                   0.000     0.000    clk_100mhz
    E3                   IBUF (Prop_ibuf_I_O)         1.482     1.482 r  clk_100mhz_IBUF_inst/O
                         net (fo=1, routed)           1.253     2.735    clock_divider_inst_0/clk_100mhz_IBUF
    PLLE2_ADV_X1Y2       PLLE2_ADV (Prop_plle2_adv_CLKIN1_CLKOUT0)
                                                      0.088     2.823 r  clock_divider_inst_0/PLLE2_BASE_inst/CLKOUT0
                         net (fo=1, routed)           1.713     4.536    clk
    BUFGCTRL_X0Y16       BUFG (Prop_bufg_I_O)         0.096     4.632 r  clk_BUFG_inst/O
                         net (fo=449, routed)         1.631     6.264    accelerator_inst_0/clk_BUFG
    SLICE_X64Y89         FDRE                                         r  accelerator_inst_0/acc_state_reg[0]/C
  -------------------------------------------------------------------    -------------------
    SLICE_X64Y89         FDRE (Prop_fdre_C_Q)         0.456     6.720 r  accelerator_inst_0/acc_state_reg[0]/Q
                         net (fo=83, routed)          1.622     8.341    accelerator_inst_0/acc_state[0]
    SLICE_X67Y104        LUT4 (Prop_lut4_I1_O)        0.124     8.465 r  accelerator_inst_0/ram_reg_0_3_i_3/O
                         net (fo=36, routed)          6.251    14.716    memory3_inst_0/read_ptr_reg[15][15]
    RAMB36_X2Y10         RAMB36E1                                     r  memory3_inst_0/ram_reg_0_28/ADDRARDADDR[15]
  -------------------------------------------------------------------    -------------------

                         (clock clk rise edge)       20.000    20.000 r  
    E3                                                0.000    20.000 r  clk_100mhz (IN)
                         net (fo=0)                   0.000    20.000    clk_100mhz
    E3                   IBUF (Prop_ibuf_I_O)         1.411    21.411 r  clk_100mhz_IBUF_inst/O
                         net (fo=1, routed)           1.181    22.592    clock_divider_inst_0/clk_100mhz_IBUF
    PLLE2_ADV_X1Y2       PLLE2_ADV (Prop_plle2_adv_CLKIN1_CLKOUT0)
                                                      0.083    22.675 r  clock_divider_inst_0/PLLE2_BASE_inst/CLKOUT0
                         net (fo=1, routed)           1.634    24.309    clk
    BUFGCTRL_X0Y16       BUFG (Prop_bufg_I_O)         0.091    24.400 r  clk_BUFG_inst/O
                         net (fo=449, routed)         1.638    26.038    memory3_inst_0/clk_BUFG
    RAMB36_X2Y10         RAMB36E1                                     r  memory3_inst_0/ram_reg_0_28/CLKARDCLK
                         clock pessimism              0.311    26.349    
                         clock uncertainty           -0.089    26.260    
    RAMB36_X2Y10         RAMB36E1 (Setup_ramb36e1_CLKARDCLK_ADDRARDADDR[15])
                                                     -0.515    25.745    memory3_inst_0/ram_reg_0_28
  -------------------------------------------------------------------
                         required time                         25.745    
                         arrival time                         -14.716    
  -------------------------------------------------------------------
                         slack                                 11.029    





Min Delay Paths
--------------------------------------------------------------------------------------
Slack (MET) :             0.070ns  (arrival time - required time)
  Source:                 controller_inst_0/addr_count_reg[7]_rep__3/C
                            (rising edge-triggered cell FDRE clocked by clk  {rise@0.000ns fall@10.000ns period=20.000ns})
  Destination:            memory3_inst_0/ram_reg_1_19/ADDRBWRADDR[7]
                            (rising edge-triggered cell RAMB36E1 clocked by clk  {rise@0.000ns fall@10.000ns period=20.000ns})
  Path Group:             clk
  Path Type:              Hold (Min at Fast Process Corner)
  Requirement:            0.000ns  (clk rise@0.000ns - clk rise@0.000ns)
  Data Path Delay:        0.309ns  (logic 0.141ns (45.623%)  route 0.168ns (54.377%))
  Logic Levels:           0  
  Clock Path Skew:        0.056ns (DCD - SCD - CPR)
    Destination Clock Delay (DCD):    2.464ns
    Source Clock Delay      (SCD):    1.871ns
    Clock Pessimism Removal (CPR):    0.536ns

    Location             Delay type                Incr(ns)  Path(ns)    Netlist Resource(s)
  -------------------------------------------------------------------    -------------------
                         (clock clk rise edge)        0.000     0.000 r  
    E3                                                0.000     0.000 r  clk_100mhz (IN)
                         net (fo=0)                   0.000     0.000    clk_100mhz
    E3                   IBUF (Prop_ibuf_I_O)         0.250     0.250 r  clk_100mhz_IBUF_inst/O
                         net (fo=1, routed)           0.440     0.690    clock_divider_inst_0/clk_100mhz_IBUF
    PLLE2_ADV_X1Y2       PLLE2_ADV (Prop_plle2_adv_CLKIN1_CLKOUT0)
                                                      0.050     0.740 r  clock_divider_inst_0/PLLE2_BASE_inst/CLKOUT0
                         net (fo=1, routed)           0.514     1.254    clk
    BUFGCTRL_X0Y16       BUFG (Prop_bufg_I_O)         0.026     1.280 r  clk_BUFG_inst/O
                         net (fo=449, routed)         0.592     1.871    controller_inst_0/clk_BUFG
    SLICE_X73Y87         FDRE                                         r  controller_inst_0/addr_count_reg[7]_rep__3/C
  -------------------------------------------------------------------    -------------------
    SLICE_X73Y87         FDRE (Prop_fdre_C_Q)         0.141     2.012 r  controller_inst_0/addr_count_reg[7]_rep__3/Q
                         net (fo=10, routed)          0.168     2.180    memory3_inst_0/addr_count_reg[13]_rep__3[5]
    RAMB36_X2Y17         RAMB36E1                                     r  memory3_inst_0/ram_reg_1_19/ADDRBWRADDR[7]
  -------------------------------------------------------------------    -------------------

                         (clock clk rise edge)        0.000     0.000 r  
    E3                                                0.000     0.000 r  clk_100mhz (IN)
                         net (fo=0)                   0.000     0.000    clk_100mhz
    E3                   IBUF (Prop_ibuf_I_O)         0.438     0.438 r  clk_100mhz_IBUF_inst/O
                         net (fo=1, routed)           0.481     0.919    clock_divider_inst_0/clk_100mhz_IBUF
    PLLE2_ADV_X1Y2       PLLE2_ADV (Prop_plle2_adv_CLKIN1_CLKOUT0)
                                                      0.053     0.972 r  clock_divider_inst_0/PLLE2_BASE_inst/CLKOUT0
                         net (fo=1, routed)           0.560     1.531    clk
    BUFGCTRL_X0Y16       BUFG (Prop_bufg_I_O)         0.029     1.560 r  clk_BUFG_inst/O
                         net (fo=449, routed)         0.904     2.464    memory3_inst_0/clk_BUFG
    RAMB36_X2Y17         RAMB36E1                                     r  memory3_inst_0/ram_reg_1_19/CLKBWRCLK
                         clock pessimism             -0.536     1.928    
    RAMB36_X2Y17         RAMB36E1 (Hold_ramb36e1_CLKBWRCLK_ADDRBWRADDR[7])
                                                      0.183     2.111    memory3_inst_0/ram_reg_1_19
  -------------------------------------------------------------------
                         required time                         -2.111    
                         arrival time                           2.180    
  -------------------------------------------------------------------
                         slack                                  0.070    





Pulse Width Checks
--------------------------------------------------------------------------------------
Clock Name:         clk
Waveform(ns):       { 0.000 10.000 }
Period(ns):         20.000
Sources:            { clock_divider_inst_0/PLLE2_BASE_inst/CLKOUT0 }

Check Type        Corner  Lib Pin             Reference Pin  Required(ns)  Actual(ns)  Slack(ns)  Location        Pin
Min Period        n/a     RAMB36E1/CLKARDCLK  n/a            3.363         20.000      16.637     RAMB36_X1Y16    memory3_inst_0/ram_reg_0_11/CLKARDCLK
Max Period        n/a     PLLE2_ADV/CLKOUT0   n/a            160.000       20.000      140.000    PLLE2_ADV_X1Y2  clock_divider_inst_0/PLLE2_BASE_inst/CLKOUT0
Low Pulse Width   Fast    FDRE/C              n/a            0.500         10.000      9.500      SLICE_X64Y89    accelerator_inst_0/acc_state_reg[0]/C
High Pulse Width  Slow    FDRE/C              n/a            0.500         10.000      9.500      SLICE_X64Y89    accelerator_inst_0/acc_state_reg[0]/C



---------------------------------------------------------------------------------------------------
From Clock:  clk_fb
  To Clock:  clk_fb

Setup :           NA  Failing Endpoints,  Worst Slack           NA  ,  Total Violation           NA
Hold  :           NA  Failing Endpoints,  Worst Slack           NA  ,  Total Violation           NA
PW    :            0  Failing Endpoints,  Worst Slack        8.751ns,  Total Violation        0.000ns
---------------------------------------------------------------------------------------------------


Pulse Width Checks
--------------------------------------------------------------------------------------
Clock Name:         clk_fb
Waveform(ns):       { 0.000 5.000 }
Period(ns):         10.000
Sources:            { clock_divider_inst_0/PLLE2_BASE_inst/CLKFBOUT }

Check Type  Corner  Lib Pin             Reference Pin  Required(ns)  Actual(ns)  Slack(ns)  Location        Pin
Min Period  n/a     PLLE2_ADV/CLKFBOUT  n/a            1.249         10.000      8.751      PLLE2_ADV_X1Y2  clock_divider_inst_0/PLLE2_BASE_inst/CLKFBOUT
Max Period  n/a     PLLE2_ADV/CLKFBIN   n/a            52.633        10.000      42.633     PLLE2_ADV_X1Y2  clock_divider_inst_0/PLLE2_BASE_inst/CLKFBIN



---------------------------------------------------------------------------------------------------
Path Group:  **async_default**
From Clock:  clk
  To Clock:  clk

Setup :            0  Failing Endpoints,  Worst Slack       17.395ns,  Total Violation        0.000ns
Hold  :            0  Failing Endpoints,  Worst Slack        0.627ns,  Total Violation        0.000ns
---------------------------------------------------------------------------------------------------


Max Delay Paths
--------------------------------------------------------------------------------------
Slack (MET) :             17.395ns  (required time - arrival time)
  Source:                 debounce_inst_0/reset_s_reg/C
                            (rising edge-triggered cell FDRE clocked by clk  {rise@0.000ns fall@10.000ns period=20.000ns})
  Destination:            debounce_inst_0/sw_reg1_reg/CLR
                            (recovery check against rising-edge clock clk  {rise@0.000ns fall@10.000ns period=20.000ns})
  Path Group:             **async_default**
  Path Type:              Recovery (Max at Slow Process Corner)
  Requirement:            20.000ns  (clk rise@20.000ns - clk rise@0.000ns)
  Data Path Delay:        2.081ns  (logic 0.518ns (24.888%)  route 1.563ns (75.112%))
  Logic Levels:           0  
  Clock Path Skew:        -0.030ns (DCD - SCD + CPR)
    Destination Clock Delay (DCD):    5.911ns = ( 25.911 - 20.000 ) 
    Source Clock Delay      (SCD):    6.252ns
    Clock Pessimism Removal (CPR):    0.311ns
  Clock Uncertainty:      0.089ns  ((TSJ^2 + DJ^2)^1/2) / 2 + PE
    Total System Jitter     (TSJ):    0.071ns
    Discrete Jitter          (DJ):    0.163ns
    Phase Error              (PE):    0.000ns

    Location             Delay type                Incr(ns)  Path(ns)    Netlist Resource(s)
  -------------------------------------------------------------------    -------------------
                         (clock clk rise edge)        0.000     0.000 r  
    E3                                                0.000     0.000 r  clk_100mhz (IN)
                         net (fo=0)                   0.000     0.000    clk_100mhz
    E3                   IBUF (Prop_ibuf_I_O)         1.482     1.482 r  clk_100mhz_IBUF_inst/O
                         net (fo=1, routed)           1.253     2.735    clock_divider_inst_0/clk_100mhz_IBUF
    PLLE2_ADV_X1Y2       PLLE2_ADV (Prop_plle2_adv_CLKIN1_CLKOUT0)
                                                      0.088     2.823 r  clock_divider_inst_0/PLLE2_BASE_inst/CLKOUT0
                         net (fo=1, routed)           1.713     4.536    clk
    BUFGCTRL_X0Y16       BUFG (Prop_bufg_I_O)         0.096     4.632 r  clk_BUFG_inst/O
                         net (fo=449, routed)         1.619     6.252    debounce_inst_0/clk_BUFG
    SLICE_X60Y81         FDRE                                         r  debounce_inst_0/reset_s_reg/C
  -------------------------------------------------------------------    -------------------
    SLICE_X60Y81         FDRE (Prop_fdre_C_Q)         0.518     6.770 f  debounce_inst_0/reset_s_reg/Q
                         net (fo=307, routed)         1.563     8.333    debounce_inst_0/rst_s
    SLICE_X63Y91         FDCE                                         f  debounce_inst_0/sw_reg1_reg/CLR
  -------------------------------------------------------------------    -------------------

                         (clock clk rise edge)       20.000    20.000 r  
    E3                                                0.000    20.000 r  clk_100mhz (IN)
                         net (fo=0)                   0.000    20.000    clk_100mhz
    E3                   IBUF (Prop_ibuf_I_O)         1.411    21.411 r  clk_100mhz_IBUF_inst/O
                         net (fo=1, routed)           1.181    22.592    clock_divider_inst_0/clk_100mhz_IBUF
    PLLE2_ADV_X1Y2       PLLE2_ADV (Prop_plle2_adv_CLKIN1_CLKOUT0)
                                                      0.083    22.675 r  clock_divider_inst_0/PLLE2_BASE_inst/CLKOUT0
                         net (fo=1, routed)           1.634    24.309    clk
    BUFGCTRL_X0Y16       BUFG (Prop_bufg_I_O)         0.091    24.400 r  clk_BUFG_inst/O
                         net (fo=449, routed)         1.510    25.911    debounce_inst_0/clk_BUFG
    SLICE_X63Y91         FDCE                                         r  debounce_inst_0/sw_reg1_reg/C
                         clock pessimism              0.311    26.222    
                         clock uncertainty           -0.089    26.133    
    SLICE_X63Y91         FDCE (Recov_fdce_C_CLR)     -0.405    25.728    debounce_inst_0/sw_reg1_reg
  -------------------------------------------------------------------
                         required time                         25.728    
                         arrival time                          -8.333    
  -------------------------------------------------------------------
                         slack                                 17.395    





Min Delay Paths
--------------------------------------------------------------------------------------
Slack (MET) :             0.627ns  (arrival time - required time)
  Source:                 debounce_inst_0/reset_s_reg/C
                            (rising edge-triggered cell FDRE clocked by clk  {rise@0.000ns fall@10.000ns period=20.000ns})
  Destination:            debounce_inst_0/q_reg_reg[0]/CLR
                            (removal check against rising-edge clock clk  {rise@0.000ns fall@10.000ns period=20.000ns})
  Path Group:             **async_default**
  Path Type:              Removal (Min at Fast Process Corner)
  Requirement:            0.000ns  (clk rise@0.000ns - clk rise@0.000ns)
  Data Path Delay:        0.601ns  (logic 0.164ns (27.294%)  route 0.437ns (72.706%))
  Logic Levels:           0  
  Clock Path Skew:        0.041ns (DCD - SCD - CPR)
    Destination Clock Delay (DCD):    2.394ns
    Source Clock Delay      (SCD):    1.838ns
    Clock Pessimism Removal (CPR):    0.514ns

    Location             Delay type                Incr(ns)  Path(ns)    Netlist Resource(s)
  -------------------------------------------------------------------    -------------------
                         (clock clk rise edge)        0.000     0.000 r  
    E3                                                0.000     0.000 r  clk_100mhz (IN)
                         net (fo=0)                   0.000     0.000    clk_100mhz
    E3                   IBUF (Prop_ibuf_I_O)         0.250     0.250 r  clk_100mhz_IBUF_inst/O
                         net (fo=1, routed)           0.440     0.690    clock_divider_inst_0/clk_100mhz_IBUF
    PLLE2_ADV_X1Y2       PLLE2_ADV (Prop_plle2_adv_CLKIN1_CLKOUT0)
                                                      0.050     0.740 r  clock_divider_inst_0/PLLE2_BASE_inst/CLKOUT0
                         net (fo=1, routed)           0.514     1.254    clk
    BUFGCTRL_X0Y16       BUFG (Prop_bufg_I_O)         0.026     1.280 r  clk_BUFG_inst/O
                         net (fo=449, routed)         0.559     1.838    debounce_inst_0/clk_BUFG
    SLICE_X60Y81         FDRE                                         r  debounce_inst_0/reset_s_reg/C
  -------------------------------------------------------------------    -------------------
    SLICE_X60Y81         FDRE (Prop_fdre_C_Q)         0.164     2.002 f  debounce_inst_0/reset_s_reg/Q
                         net (fo=307, routed)         0.437     2.439    debounce_inst_0/rst_s
    SLICE_X62Y86         FDCE                                         f  debounce_inst_0/q_reg_reg[0]/CLR
  -------------------------------------------------------------------    -------------------

                         (clock clk rise edge)        0.000     0.000 r  
    E3                                                0.000     0.000 r  clk_100mhz (IN)
                         net (fo=0)                   0.000     0.000    clk_100mhz
    E3                   IBUF (Prop_ibuf_I_O)         0.438     0.438 r  clk_100mhz_IBUF_inst/O
                         net (fo=1, routed)           0.481     0.919    clock_divider_inst_0/clk_100mhz_IBUF
    PLLE2_ADV_X1Y2       PLLE2_ADV (Prop_plle2_adv_CLKIN1_CLKOUT0)
                                                      0.053     0.972 r  clock_divider_inst_0/PLLE2_BASE_inst/CLKOUT0
                         net (fo=1, routed)           0.560     1.531    clk
    BUFGCTRL_X0Y16       BUFG (Prop_bufg_I_O)         0.029     1.560 r  clk_BUFG_inst/O
                         net (fo=449, routed)         0.834     2.394    debounce_inst_0/clk_BUFG
    SLICE_X62Y86         FDCE                                         r  debounce_inst_0/q_reg_reg[0]/C
                         clock pessimism             -0.514     1.879    
    SLICE_X62Y86         FDCE (Remov_fdce_C_CLR)     -0.067     1.812    debounce_inst_0/q_reg_reg[0]
  -------------------------------------------------------------------
                         required time                         -1.812    
                         arrival time                           2.439    
  -------------------------------------------------------------------
                         slack                                  0.627    





